Tweet 1: read this.
Tweet 2: read this.
Tweet 3: read this.
Tweet 4: read this.
Tweet 5: read this.
Tweet 6: read this.
Tweet 7: read this.
Tweet 8: read this.
Tweet 9: read this.
Tweet 10: read this.
