Tweet 1: this one.
Tweet 2: this one.
Tweet 3: this one.
Tweet 4: this one.
Tweet 5: this one.
Tweet 6: this one.
Tweet 7: this one.
Tweet 8: this one.
Tweet 9: this one.
Tweet 10: this one.
